border_size=1
usage=map

Wo          , Wo          , Wo          , Wo          , Wo          , Wo          , Wo          , Wo          , Wo          , Wo          , Wo          , Wo          , Wo          , Wo          , Wo          , Wo          , Wo          , Wo          , Wo          , Wo          , Wo          , Wo          , Wo          , Wo          , Wo          , Wo          , Wo          , Wo          , Wo          , Wo          , Wo          , Wo          , Wo          , Wo          , Wo          , Wo          , Wo          , Wo          , Wo          , Wo          , Wo          , Wo          , Wo          , Wo          , Wo          , Wo          , Wo          , Wo          , Wo          , Wo          , Wo          , Wo          
Wo          , Wo          , Wo          , Wo          , Wo          , Wo          , Wo          , Wo          , Wo^Xo       , Wo          , Wo          , Wo          , Wo          , Wo          , Ai          , Ai          , Ai          , Ai          , Wo          , Wo          , Wo          , Wo          , Wo          , Wo          , Wo          , Wo          , Wo          , Wo          , Wo          , Wo          , Wo          , Wo          , Wo          , Wo          , Wo          , Wo          , Wo          , Wo          , Wo          , Wo          , Wo          , Wo          , Wo          , Wo          , Wo          , Wo          , Wo          , Wo          , Wo          , Wo          , Wo          , Wo          
Wo          , Wo          , Wo          , Wo          , Wo          , Wo          , Wo          , Wo^Xo       , Wo          , Wo^Xo       , Wo          , Ai          , Ai          , Ai          , Wo^Xo       , Wo^Xo       , Wo^Xo       , Wo^Xo       , Wo^Xo       , Wo^Xo       , Wo^Xo       , Wo          , Wo^Xo       , Wo          , Wo          , Wo          , Wo          , Wo          , Wo          , Wo          , Wo          , Wo          , Wo          , Wo          , Wo          , Wo          , Wo          , Wo          , Wo          , Wo          , Wo          , Wo          , Wo          , Wo          , Wo          , Wo          , Wo          , Wo          , Wo          , Wo          , Wo          , Wo          
Wo          , Wo          , Wo          , Wo          , Wo          , Wo          , Wo^Xo       , Wo^Xo       , Wo^Xo       , Wo^Xo       , Wo^Xo       , Wo^Xo       , Wo          , Wo^Xo       , Wo          , Wo^Xo       , Wo          , Wo^Xo       , Wo^Xo       , Wo^Xo       , Wo^Xo       , Wo^Xo       , Wo^Xo       , Wo^Xo       , Wo^Xo       , Wo          , Wo^Xo       , Wo          , Wo^Xo       , Wo          , Wo          , Wo          , Wo          , Wo          , Wo          , Wo          , Wo          , Wo          , Wo          , Wo          , Wo          , Wo          , Wo          , Wo          , Wo          , Wo          , Wo          , Wo          , Wo          , Wo          , Wo          , Wo          
Wo          , Wo          , Wo^Xo       , Wo^Xo       , Wo^Xo       , Wo^Xo       , Ai          , Wo^Xo       , Ai          , Wo^Xo       , Wo          , Wo          , Wo          , Wo          , Wo          , Wo          , Wo          , Wo          , Ai          , Wo          , Wo          , Wo          , Wo          , Wo          , Wo          , Wo^Xo       , Wo          , Wo^Xo       , Wo          , Wo^Xo       , Wo^Xo       , Wo^Xo       , Wo^Xo       , Wo          , Ai          , Wo          , Wo          , Wo          , Wo          , Wo          , Wo          , Wo          , Wo          , Wo          , Wo          , Wo          , Wo          , Wo          , Wo          , Wo          , Wo          , Wo          
Wo          , Wo          , Wo^Xo       , Wo^Xo       , Wo          , Ai          , Ai          , Ai          , Ai          , Ai          , Ai          , Wo          , Ai          , Wo          , Wo          , Wo          , Wo          , Ai          , Ai          , Ai          , Wo          , Wo          , Wo          , Wo          , Wo          , Wo          , Wo          , Wo          , Wo          , Wo          , Wo          , Wo          , Wo          , Wo^Xo       , Ai          , Wo^Xo       , Wo^Xo       , Wo          , Wo          , Wo          , Wo          , Wo          , Wo          , Wo          , Wo          , Wo          , Wo          , Wo          , Wo          , Wo          , Wo          , Wo          
Wo^Xo       , Wo^Xo       , Wo          , Wo          , Ai          , Ai          , Ai          , Ai          , Ai          , Ai          , Ai          , Ai          , Ai          , Ai          , Wo          , Wo          , Ai          , Ai          , Ms          , Ai          , Ai          , Ai          , Ww          , Wo          , Ww          , Wo          , Ww          , Wo          , Ww          , Wo          , Ms          , Wo          , Wo          , Wo          , Wo          , Ai          , Wo          , Wo^Xo       , Wo^Xo       , Wo          , Wo          , Xu          , Xu          , Xu          , Xu          , Xu          , Wo          , Wo          , Wo          , Wo          , Wo          , Wo          
Wo^Xo       , Wo^Xo       , Wo          , Ai          , Ai          , Ai          , Ai          , Ai          , Wo          , Ai          , Wo          , Wo          , Wo          , Wo          , Wo          , Wo          , Ai          , Aa          , Ha^Fma      , Ms          , Ha^Fma      , Ww          , Kh          , Ww          , Ch          , Ww          , Ch          , Ww          , Kh          , Ww          , Ms          , Ha          , Ms          , Wo          , Wo          , Ai          , Wo          , Wo          , Wo          , Xu          , Xu          , Xu          , Cud         , Cud         , Cud         , Xu          , Xu          , Wo          , Wo          , Wo          , Wo          , Wo          
Wo^Xo       , Wo          , Wo          , Ai          , Wo          , Ai          , Wo          , Wo          , Wo          , Wo          , Wo          , Wo          , Wo          , Wo          , Wo^Bw/      , Wo          , Wo          , Aa          , Ha^Fma      , Ha^Fma      , Rr          , Ww          , Kh          , Kh          , Ch          , Ch          , Aa          , Kh          , Kh          , Ww          , Ms          , Ms          , Wo          , Wo          , Wo          , Ai          , Wo          , Wo          , Xu          , Xu          , Cud         , Cud         , Ur          , 8 Kud       , Ur          , Cud         , Cud         , Xu          , Xu          , Wo          , Wo          , Wo          
Wo^Xo       , Wo          , Wo^Xo       , Wo          , Wo^Xo       , Wo          , Wo          , Wo          , Wo          , Wo          , Wo^Bw/      , Wo^Bw\      , Wo^Bw\      , Wo^Bw/      , Wo          , Wo          , Wo          , Aa          , Aa          , Rr          , Rr          , Ww^Bw\      , Ggf         , Ggf         , 9 Kh        , Aa          , Ggf         , Ch          , Ww          , Ww          , Ha          , Ha          , Wo          , Wo          , Wo          , Ai          , Wo          , Wo          , Xu          , Uh          , Uu^Uf       , Uu^Uf       , Uh          , Ur          , Uu          , Uu          , Uh          , Xu          , Xu          , Wo          , Wo          , Wo          
Wo^Xo       , Wo^Xo       , Wo          , Wo^Xo       , Hh^Fdw      , Wo^Xo       , Wo^Xo       , Wo          , Wo^Bw/      , Wo^Bw/      , Wo          , Wo          , Wo          , Wo^Bw\      , Wo^Bw/      , Wo          , Wo          , Chw         , Gg          , Rr          , Ww          , Ww^Bw\      , Aa          , Aa          , Aa          , Ggf         , Aa          , Ch          , Ww          , Ms          , Ha          , Wo          , Wo          , Wo          , Wo          , Wo          , Xu          , Xu          , Xu          , Cud         , Cud         , Uu          , Cud         , Ur          , Cud         , Uu          , Cud         , Cud         , Xu          , Wo          , Wo          , Wo          
Wo^Xo       , Wo          , Hh^Fdw      , Hh          , Mm          , Hh^Fdw      , Hh          , Wo^Xo       , Wo          , Wo          , Wo          , Wo          , Wo^Bw/      , Wo^Bw/      , Wo          , Wo^Bw\      , Wo^Bw\      , Khw         , Gg          , Rr          , Ww          , Kh          , Kh          , Ggf         , Ch          , Ggf         , Kh          , Ch          , Wo          , Wo          , Wo          , Wo          , Wo          , Wo          , Wo          , Wo          , Xu          , Xu          , Uh          , Uu          , Uu          , Cud         , Uu          , Ur          , Uu          , Cud         , Uu          , Uu          , Xu          , Wo          , Wo          , Wo          
Wo^Xo       , Wo          , Hh^Fdw      , Mm          , Mm          , Mm          , Hh          , Wo^Xo       , Wo^Xo       , Wo          , Wo          , Wo^Bw/      , Wo          , Wo          , Wo          , Wo          , Khw         , Rr          , Rr          , Rr          , Ww          , Kh          , Ai          , Ch          , Ai          , Kh          , Kh          , Ww          , Ai          , Wo          , Wo          , Wo          , Xu          , Wo          , Xu          , Xu          , Uh          , Uh          , Uu^Uf       , Uu          , Uu          , Uu          , Uu          , Ur          , Uu          , Uh          , Uh          , Uu^Uf       , Xu          , Xu          , Wo          , Wo          
Wo          , Wo^Xo       , Ww          , Hh^Fdw      , Rd          , Hh^Fdw      , Ww          , Ai^Xo       , Ai^Xo       , Wo          , Ai          , Ai          , Ai          , Ai          , Aa          , Chw         , Ha^Fma      , Gg          , Aa          , Rr          , Aa          , Ww          , Gg          , Ai          , Ai          , Ai          , Ai          , Ai          , Ww          , Ai          , Ai          , Wo          , Xu          , Xu          , Uu          , Uh          , Uh          , Uh          , Uh          , Ur          , Uh          , Uh          , Uu          , Ur          , Uh          , Uh          , Uh          , Uu          , Xu          , Wo          , Wo          , Wo          
Wo          , Wo^Xo       , Ww          , Rd          , Ww          , Hh^Fdw      , Wo          , Wo          , Mm^Xm       , Aa          , Kh          , Aa          , Aa          , Aa          , Aa^Fpa      , Gg          , Rr          , Ha^Fma      , Rr          , Rr          , Rr          , Gg          , Rr          , Aa^Fpa      , Aa^Fpa      , Aa^Fpa      , Gg          , Aa          , Gg          , Ai          , Xu          , Xu          , Uh          , Uu^Uf       , Uu          , Uu          , Ur          , Ur          , Ur          , Ur          , Ur          , Uu          , Ur          , Ur          , Uu          , Uh          , Uu^Uf       , Uh          , Xu          , Wo          , Wo          , Wo          
Wo          , Wo          , Wo^Xo       , Wo^Bw|      , Wo          , Wo^Xo       , Wo^Xo       , Mm^Xm       , Mm^Xm       , Mm^Xm       , Hh          , Ch          , Aa^Fpa      , Aa^Fpa      , Aa^Fpa      , Aa^Fpa      , Gg          , Rr          , Aa          , Rr          , Gg          , Rr          , Ha^Fma      , Rr          , Re          , Gg          , Aa^Fpa      , Gg          , Kh          , Gg          , Uu          , Xu          , Ur          , Uu          , Xu          , Uu          , Uu          , Uu          , Uh          , Ur          , Ur          , Uu^Uf       , Ur          , Ur          , Uu          , Uu          , Uu          , Uh          , Xu          , Wo          , Wo          , Wo          
Wo          , Wo          , Wo^Xo       , Wo          , Wo          , Wo          , Wo          , Mm^Xm       , Mm          , Mm          , Hh          , Ch          , Ch          , Aa^Fpa      , Kh          , Ha^Fma      , Ha^Fma      , Aa          , Aa          , Rr          , Aa          , Aa          , Ha^Fma      , Ha^Fma      , Aa^Fpa      , Aa^Fpa      , Ch          , Ch          , Mm^Xm       , Xu          , Uu          , Xu          , Xu          , Uh          , Uu          , Xu          , Uu          , Xu          , Uh          , Uh          , Uh          , Ur          , Ur          , Ur          , Uu          , Uu          , Uu          , Uu          , Xu          , Wo          , Wo          , Wo          
Wo          , Wo          , Wo^Xo       , Wo^Xo       , Wo          , Wo          , Wo          , Mm^Xm       , Mm          , Hh^Fms      , Hh          , Gs^Fds      , Gs^Fds      , Ch          , Gg          , Ch          , Ch          , Ch          , Kh          , Rr          , Kh          , Ch          , Ch          , Ch          , Kh          , Ch          , Hh^Fms      , Mm          , Mm^Xm       , Xu          , Xu          , Uu          , Uu          , Uu          , Xu          , Uu          , Xu          , Xu          , Cud         , Uh          , Ur          , Ur          , Ur          , Uu          , Uu          , Uu          , Uu          , Uu          , Xu          , Wo          , Wo          , Wo          
Wo          , Wo          , Ce          , Wo^Xo       , Wo          , Wo          , Wo          , Mm^Xm       , Mm          , Mm          , Gs^Fds      , Gs^Fds      , Gs^Fds      , Gs^Fds      , Gs^Dr       , Gs          , Gg          , Gg          , Gg          , Rd          , Gg          , Gg          , Re^Gvs      , Re^Gvs      , Re^Gvs      , Gs^Fds      , Hh^Fms      , Mm          , Mm^Xm       , Ur          , Ur          , Xu          , Xu          , Xu          , Mm^Xm       , Xu          , Mm^Xm       , Xu          , Rd          , Ur          , Ur          , Ur          , Ur          , Uu          , Uu          , Uu          , Uu          , Uu          , Xu          , Wo          , Wo          , Wo          
Ce          , Wo          , Ce          , Wo^Xo       , Wo          , Wo          , Wo          , Mm^Xm       , Mm^Xm       , Hh^Fms      , Gs^Fds      , Gs^Fds      , Gs^Dr       , Rd          , Rd          , Gs^Dr       , Gs^Dr       , Gg          , Re          , Rd          , Gg          , Re^Gvs      , Re^Gvs      , Re^Gvs      , Re^Gvs      , Re^Gvs      , Re^Gvs      , Hh^Fms      , Mm          , Mm^Xm       , Mm^Xm       , Mm^Xm       , Mm^Xm       , Mm^Xm       , Hh^Fms      , Mm^Xm       , Rd          , Rd          , Rd          , Ur          , Uu          , Uu          , Uu          , Ur          , Uu          , Uu          , Uu          , Uu          , Xu          , Wo          , Wo          , Wo          
Ce          , Ce          , Ce          , Wo^Xo       , Wo          , Wo          , Wo          , Mm^Xm       , Mm^Xm       , Hh^Fms      , Hh          , Gs          , Gs          , Gs^Dr       , Rd          , Rd          , Rd          , Re          , Rd          , Rd          , Rd          , Gg          , Rd          , Gg^Wm       , Re          , Re^Gvs      , Gs^Fds      , Hh^Fms      , Hh^Fms      , Mm          , Mm          , Mm^Xm       , Hh^Fms      , Hh^Fms      , Rd          , Rd          , Rd          , Rd          , Xu          , Cud         , Uu          , Uu          , Uu          , Ur          , Uu          , Uu          , Uu          , Xu          , Xu          , Wo          , Wo          , Wo          
Wo          , Ce          , Ce          , Wo          , Wo          , Wo          , Wo          , Mm^Xm       , Mm^Xm       , Mm          , Hh^Fms      , Hh^Fms      , Hh          , Gs^Dr       , Gs^Fds      , Gs^Dr       , Rd          , Rd          , Gs^Fds      , Hh^Fds      , Gg          , Rd          , Gg          , Rd          , Rd          , Rd          , Rd          , Rd          , Rd          , Gg^Dr       , Rd          , Mm          , Rd          , Rd          , Rd          , Rd          , Hh^Fms      , Mm^Xm       , Xu          , Uu^Uf       , Uu          , Uu          , Uu          , Uu          , Uu          , Uu          , Uh          , Xu          , Wo          , Wo          , Wo          , Wo          
Wo          , Ce          , Wo          , Wo          , Wo          , Wo          , Wo          , Mm^Xm       , Mm^Xm       , Mm^Xm       , Mm^Xm       , Hh^Fms      , Hh          , Hh          , Gs^Fds      , Gs^Fds      , Hh^Fms      , Gs^Fds      , Gs^Fds      , Gs^Fds      , Gs^Fds      , Gg          , Re^Gvs      , Re^Gvs      , Re^Gvs      , Re          , Re          , Rd          , Re          , Rd          , Re          , Rd          , Rd          , Rd          , Re^Gvs      , Gs^Fds      , Hh^Fms      , Mm^Xm       , Mm^Xm       , Xu          , Uu          , Uu          , Uu          , Uu          , Uh          , Uh          , Xu          , Xu          , Wo          , Wo          , Wo          , Wo          
Wo          , Wo          , Wo          , Wo          , Wo          , Wo          , Wo          , Wo          , Wo          , Mm^Xm       , Mm^Xm       , Mm^Xm       , Mm^Xm       , Hh^Fms      , Hh^Fms      , Hh^Fms      , Mm          , Hh^Fms      , Gs^Fds      , Gs^Fds      , Gs^Fds      , Re          , Re^Gvs      , Re^Gvs      , Re^Gvs      , Re^Gvs      , Hh^Fds      , Hh^Fds      , Gg          , Gg          , Gg          , Rd          , Re^Gvs      , Re^Gvs      , Re^Gvs      , Hh^Fms      , Mm          , Mm^Xm       , Xu          , Xu          , Uu          , Ur          , Uu          , Uu          , Uu          , Uu          , Xu          , Wo          , Wo          , Wo          , Wo          , Wo          
Wo          , Wo          , Wo          , Wo          , Wo          , Wo          , Wo          , Wo          , Wo          , Wo          , Wo          , Mm^Xm       , Mm^Xm       , Mm^Xm       , Mm^Xm       , Mm          , Ds          , Hh^Fms      , Ds          , Ww          , Re^Gvs      , Re^Gvs      , Re^Gvs      , Re^Gvs      , Re^Gvs      , Re^Gvs      , Hh^Fds      , Hh^Fds      , Gg          , Gg          , Rd          , Rd          , Re^Gvs      , Re^Gvs      , Re^Gvs      , Hh^Fms      , Mm^Xm       , Mm^Xm       , Xu          , Ur          , Uu          , Uu          , Uu          , Uu          , Uu          , Uu          , Xu          , Wo          , Wo          , Wo          , Wo          , Wo          
Wo          , Wo          , Wo          , Wo          , Wo          , Wo          , Wo          , Wo          , Wo          , Wo          , Wo          , Wo          , Wo^Xo       , Wo          , Wo          , Ww          , Ww          , Ds          , Ww          , Ww          , Ds          , Re^Gvs      , Gg^Wm       , Re^Gvs      , Re          , Hh^Fds      , Chr         , Gg          , 7 Khr       , Gg          , Rd          , Gg^Wm       , Re^Gvs      , Re^Gvs      , Re^Gvs      , Hh^Fms      , Mm^Xm       , Mm^Xm       , Xu          , Uu          , Uu          , Uh          , Uu          , Uu          , Uu          , Uu          , Xu          , Wo          , Wo          , Wo          , Wo          , Wo          
Wo          , Wo          , Wo          , Wo          , Wo          , Wo          , Ce          , Wo          , Wo          , Wo          , Ce          , Wo^Xo       , Wo          , Wo          , Wo          , Wo          , Wo          , Ww          , Wo          , Ww          , Ds          , Ds          , Re          , Re          , Chr         , Chr         , Ww          , Chr         , Chr         , Khr         , Gg          , Rd          , Rd          , Re^Gvs      , Re^Gvs      , Hh^Fms      , Mm^Xm       , Mm^Xm       , Xu          , Ur          , Uu          , Uu          , Uu          , Ur          , Uh          , Xu          , Wo          , Wo          , Wo          , Wo          , Wo          , Wo          
Wo          , Wo          , Wo          , Wo          , Ce          , Ce          , Ce          , Wo          , Wo          , Ce          , Ce          , Ce          , Wo          , Wo          , Wo          , Wo          , Wo          , Wo          , Wo          , Ww          , Ww          , Ds          , Ww          , Chw         , Ww          , Ww          , Wo^Bw/      , Wo^Bw/      , Ww          , Chr         , Chr         , Gg          , Rd          , Gg          , Gg          , Hh^Fms      , Mm          , Mm^Xm       , Xu          , Uu          , Uu          , Ur          , Uh          , Uh          , Xu          , Xu          , Wo^Xo       , Wo          , Wo          , Wo          , Wo          , Wo          
Wo          , Wo          , Wo          , Ce          , Wo          , Wo          , Ce          , Ce          , Wo          , Wo^Xo       , Ce          , Ce          , Wo          , Wo          , Wo^Xo       , Wo^Xo       , Wo^Xo       , Wo^Xo       , Wo^Xo       , Wo^Xo       , Wo^Xo       , Ww          , Wo^Xo       , Ww          , Ww          , Wo^Bw/      , Ww          , Ww          , Chr         , Chr         , Gs^Fds      , Gg          , Gg          , Rd          , Gg          , Gs^Fds      , Hh^Fms      , Mm^Xm       , Mm^Xm       , Xu          , Xu          , Xu          , Xu          , Xu          , Mm^Xm       , Wo          , Wo          , Wo^Xo       , Wo^Xo       , Wo          , Wo          , Wo          
Wo          , Wo          , Wo          , Ce          , Wo          , Wo          , Ce          , Ce          , Wo          , Wo^Xo       , Ce          , Wo          , Wo^Xo       , Wo^Xo       , Wo          , Wo^Xo       , Wo          , Wo          , Gs^Ft       , Wo          , Wo          , Wo^Xo       , Wo^Xo       , Wo          , Wo          , Wo          , Ww          , Chw         , Ds          , Re          , Gs^Fds      , Gs^Fds      , Gs^Fds      , Rd          , Rd          , Gs^Fds      , Gs^Fds      , Mm          , Hh^Fms      , Mm^Xm       , Mm^Xm       , Mm^Xm       , Mm^Xm       , Mm^Xm       , Wo          , Wo^Xo       , Wo          , Wo          , Wo          , Wo^Xo       , Wo^Xo       , Wo          
Wo          , Wo          , Ce          , Ce          , Wo          , Wo          , Ce          , Wo          , Wo          , Wo          , Wo^Xo       , Wo^Xo       , Wo^Xo       , Wo          , Wo          , Gs^Ft       , Ww          , Ww          , Ds          , Ds          , Wo          , Wo          , Wo^Xo       , Wo          , Wo          , Wo          , Ww          , Ds          , Ds          , Gs^Fds      , Gs^Fds      , Hh^Fms      , Hh^Fms      , Gs^Fds      , Rd          , Gs^Dr       , Gs          , Gs^Fds      , Gs^Fds      , Hh^Fms      , Mm          , Mm          , Mm          , Mm          , Wo          , Wo^Xo       , Wo          , Wo          , Wo          , Wo          , Wo          , Wo^Xo       
Wo          , Wo          , Ce          , Wo          , Ce          , Wo          , Ce          , Ce          , Ce          , Wo          , Wo^Xo       , Wo^Xo       , Wo          , Wo          , Wo          , Gs^Ft       , Ds          , 3 Ds        , Gs^Ft       , Ds          , Wwr         , Wo          , Wo^Xo       , Wo^Xo       , Wo^Xo       , Wo          , Wo          , Ww          , Ww          , Ds          , Ww          , Gs^Fds      , Hh^Fms      , Gs^Fds      , Gs^Fds      , Rd          , Rd          , Gs          , Gs^Fds      , Hh^Fms      , Hh^Fms      , Hh^Fms      , Hh^Fms      , Ww          , Wo          , Wo^Xo       , Wo          , Wo          , Wo          , Wo          , Wo          , Wo          
Wo          , Wo          , Wo          , Ce          , Wo          , Ce          , Ce          , Ce          , Wo          , Wo          , Wo          , Wo^Xo       , Wo^Xo       , Wo          , Wo          , Wwr         , Wwr         , Gs^Ft       , Ds          , Wwr         , Wwr         , Wo          , Wo          , Wo^Xo       , Wo          , Wo^Xo       , Wo^Xo       , Wo          , Wo          , Ww          , Ww          , Gs^Fds      , Gs^Fds      , Hh^Fms      , Gs^Fds      , Gs          , Rd          , Gs          , Gs^Fds      , Hh^Fms      , Gs^Fds      , Hh^Fms      , Ww          , Ww          , Wo          , Wo^Xo       , Wo          , Wo          , Wo^Xo       , Wo          , Wo          , Wo          
Wo          , Wo          , Wo          , Wo          , Wo          , Wo          , Wo          , Wo          , Wo          , Wo          , Wo^Xo       , Wo^Xo       , Wo          , Wo          , Wo          , Wwr         , Wwr         , Gs^Ft       , Wwf         , Wwr         , Wwr         , Wo          , Wo          , Wo          , Wo          , Wo          , Wo          , Wo^Xo       , Wo^Xo       , Wo          , Ww          , Ww          , Gs^Fds      , Hh^Fms      , Gs^Fds      , Gs          , Rd          , Gs          , Gs          , Gs^Fds      , Ww          , Ww          , Wo          , Wo          , Wo          , Wo^Xo       , Wo^Xo       , Wo^Xo       , Wo          , Wo          , Wo          , Wo          
Wo          , Wo          , Wo^Xo       , Wo^Xo       , Wo^Xo       , Wo^Xo       , Wo^Xo       , Wo^Xo       , Wo^Xo       , Wo          , Wo^Xo       , Wo^Xo       , Wo          , Wo          , Chw         , Wwf         , Wo          , Wo          , Wo          , Wwf         , Wwf         , Wo          , Gs^Ft       , Gs^Ft       , Ds          , Wo          , Gs^Ft       , Wo          , Wo^Xo       , Wo          , Wo          , Ww          , Wwr         , Gs^Fds      , Re          , Gs          , Gs          , Rd          , Gs          , Ds          , Ds          , Ww          , Wo          , Wo          , Wo          , Wo          , Wo^Xo       , Wo^Xo       , Wo          , Wo          , Wo          , Wo          
Wo          , Wo^Xo       , Wo          , Wo^Xo       , Wo          , Wo          , Wo          , Wo          , Wo          , Wo^Xo       , Wo          , Wo          , Gs^Ft       , Wo          , Wwf         , Wwf         , Wo          , Wo          , Wo          , Ww          , Ww          , Wwf         , Gs^Ft       , Gs^Ft       , 4 Ds        , Ww          , Ww          , Wo          , Wo^Xo       , Wo          , Wo          , Ww          , Ds          , Wwr         , Wwr         , Re          , Re          , Rd          , Gs          , Ds          , Ds          , Ww          , Wo          , Wo          , Wo          , Wo          , Wo^Xo       , Wo          , Wo          , Wo          , Wo          , Wo          
Wo          , Wo^Xo       , Wo          , Wo          , Wo          , Gs^Ft       , Gs^Ft       , Wo          , Wo          , Wo          , Wo          , Wo          , Gs^Ft       , Gs^Ft       , Wwf         , Wo          , Wo          , Wo          , Wo          , Chw         , Wo          , Wwf         , Wwr         , Gs^Ft       , Gs^Ft       , Ds          , Ds          , Wo          , Wo^Xo       , Wo          , Ww          , Ds          , Re          , Ds          , Gs^Ft       , Wwr         , Re          , Rd          , Re          , Re          , Ww          , Ww          , Wo          , Wo          , Wo          , Wo^Xo       , Wo          , Wo          , Wo          , Wo          , Wo          , Wo          
Wo          , Wo^Xo       , Wo          , Gs^Ft       , Wwr         , Ww          , Gs^Ft       , Wo          , Wwf         , Wwf         , Wwf         , Wwf         , Wwf         , Wwf         , Wo          , Wo          , Gs^Ft       , Wo          , Wo          , Wo          , Wo          , Wwr         , Wo          , Gs^Ft       , Gs^Ft       , Ww          , Wo^Xo       , Wo^Xo       , Ww          , Ww          , Ds          , Ds          , Gs^Ft       , Gs^Ft       , Gs^Ft       , Wwr         , Ds          , Rd          , Ds          , Ds          , Ww          , Wo          , Wo          , Wo          , Wo^Xo       , Wo^Xo       , Wo          , Wo          , Wo          , Wo          , Wo          , Wo          
Wo          , Wo^Xo       , Wo          , Wo          , Ds          , 5 Ds        , Wwr         , Gs^Ft       , Wo          , Wo          , Wo          , Wo          , Wwr         , Wo          , Wwr         , Gs^Ft       , Ds          , Gs^Ft       , Gs^Ft       , Wo          , Wwf         , Wwf         , Wo          , Wo          , Wwf         , Wo          , Wo^Xo       , Wo^Xo       , Ww          , Ds          , Ss          , Ss          , Re          , Gs^Ft       , Gs^Ft       , Wwr         , Wwr         , Rd          , Ss          , Ss          , Ww          , Wo          , Wo          , Wo          , Wo^Xo       , Wo          , Wo          , Wo          , Wo          , Wo          , Wo          , Wo          
Wo          , Wo^Xo       , Wo          , Gs^Ft       , Gs^Ft       , Gs^Ft       , Ww          , Gs^Ft       , Ww          , Wo          , Wo          , Chw         , Wo          , Wwr         , Wo          , Wo          , Wo          , Ds          , Wwr         , Gs^Ft       , Wwf         , Wwf         , Wo          , Wo          , Wwf         , Wo          , Wo^Xo       , Wo^Xo       , Ww          , Ds          , Ds          , Ss          , Ss          , Ss          , Gs^Ft       , Gs^Ft       , Ss^Bw/      , Ss^Bw|      , Ce          , Gs^Ft       , Gs^Ft       , Ww          , Wo          , Wo          , Wo^Xo       , Wo^Xo       , Wo^Xo       , Wo          , Wo          , Wo          , Wo          , Wo          
Wo          , Wo^Xo       , Wo          , Wo          , Wo          , Wo          , Ww          , Wwf         , Wwf         , Ww          , Wo          , Wo          , Wo          , Wo          , Wo          , Wo          , Wo          , Wo          , Wwf         , Wwf         , Wo          , Wo          , Wwr         , Chw         , Gs^Ft       , Wo          , Wo          , Wo^Xo       , Wo^Xo       , Ww          , Ww          , Gs^Ft       , Ss          , Gs^Ft       , Ke          , Gs^Ft       , Gs^Bw|      , Gs^Ft       , Rd          , Ce          , Ce          , Ww          , Wo          , Wo^Xo       , Wo          , Wo^Xo       , Wo^Xo       , Wo^Xo       , Wo          , Wo          , Wo          , Wo          
Wo          , Wo^Xo       , Wo          , Wo          , Wwr         , Wwf         , Wwf         , Ww          , Wo          , Wwf         , Wwf         , Wo          , Wwf         , Ww          , Ww          , Gs^Ft       , Gs^Ft       , Wwf         , Wwr         , Wo          , Wo          , Wo          , Wwr         , Ww          , Ds          , Gs^Ft       , Wwr         , Wo^Xo       , Wo^Xo       , Ww          , Ds          , Gs^Ft       , Ss          , Gs^Ft       , Gs^Ft       , Rd          , Rd          , Rd          , 6 Ke        , Ce          , Rd          , Ce          , Ww          , Wo^Xo       , Wo          , Wo^Xo       , Wo          , Wo^Xo       , Wo^Xo       , Wo          , Wo          , Wo          
Wo          , Wo^Xo       , Wo          , Wo          , Ds          , Wo          , Wwf         , Wo          , Wo          , Wo          , Wo          , Wwf         , Ww          , Gs^Ft       , Wwr         , Ww          , Ds          , Gs^Ft       , Wwr         , Wo          , Wo          , Wo          , Wwf         , Wwf         , Ds          , Gs^Ft       , Gs^Ft       , Wo^Xo       , Wo^Xo       , Ww          , Ds          , Ss          , Gs^Ft       , Ss          , Gs^Ft       , Gs^Ft       , Rd          , Re          , Rd          , Rd          , Ce          , Ce          , Ww          , Wo          , Wo          , Wo          , Wo          , Wo^Xo       , Wo^Xo       , Wo          , Wo          , Wo          
Wo          , Wo^Xo       , Wo          , Wo          , Gs^Ft       , Gs^Ft       , Wwf         , Chw         , Wo          , Wo          , Wo          , Wo          , Ww          , Wwr         , Ds          , Ww          , Ds          , Wwf         , Wwf         , Wwf         , Wwf         , Wwf         , Wwr         , Wwf         , Ds          , Gs^Ft       , Gs^Ft       , Wo          , Wo^Xo       , Ww          , Ww          , Ss          , Ss          , Ss          , Gs^Ft       , Rd          , Gs^Ft       , Gs^Ft       , Gs^Ft       , Rd          , Ss          , Ss          , Ww          , Wo          , Wo          , Wo          , Wo          , Wo          , Wo^Xo       , Wo          , Wo          , Wo          
Wo          , Wo^Xo       , Wo^Xo       , Wo          , Ds          , Ds          , Wwr         , Wwf         , Wo          , Wo          , Wo          , Wo          , Wo          , Wwr         , Wo          , 1 Ds        , Gs^Ft       , Gs^Ft       , Wo          , Wo          , Wo          , Ww          , Wo          , Ww          , Wwf         , Ww          , Wo          , Wo^Xo       , Ww          , Ww          , Ds          , Gs^Ft       , Ss          , Ss          , Ke          , Rd          , Gs^Ft       , Ww          , Ww          , Ke          , Ss          , Ww          , Wo          , Wo          , Wo          , Wo          , Wo          , Wo          , Wo^Xo       , Wo          , Wo          , Wo          
Wo          , Wo^Xo       , Wo^Xo       , Wo          , Wo          , Wo          , Wwr         , Wwf         , Wwf         , Wo          , Wo          , Wo          , Wo          , Wo          , Wo          , Gs^Ft       , Wwf         , Wo          , Wo          , Wo          , Wo          , Chw         , Wo          , Wo          , Wwf         , Wo          , Wo^Xo       , Wo^Xo       , Ww          , Ds          , Gs^Ft       , Gs^Ft       , Ss          , Gs^Ft       , Gs^Ft       , Rd          , Rd          , Ke          , Ww          , Ww          , Ww          , Ww          , Wo          , Wo          , Wo^Xo       , Wo          , Wo^Xo       , Wo^Xo       , Wo          , Wo          , Wo          , Wo          
Wo          , Wo^Xo       , Wo^Xo       , Wo          , Wo          , Wo          , Wo          , Wwr         , Gs^Ft       , Wwr         , Wwr         , Chw         , Wo          , Wo          , Wwf         , Ww          , Wwf         , Wwr         , Wwr         , Wo          , Ww          , Ww          , Wwf         , Wwf         , Wwr         , Ww          , Wo^Xo       , Wo^Xo       , Ww          , Ds          , Gs^Ft       , Ss          , Ss          , Ss          , Ss          , Gs^Ft       , Ww^Bw\      , Gg          , Ww          , Wo          , Wo          , Wo          , Wo^Xo       , Wo^Xo       , Wo          , Wo^Xo       , Wo          , Wo          , Wo          , Wo          , Wo          , Wo          
Wo          , Wo          , Wo^Xo       , Wo          , Wo          , Wo          , Wo          , Gs^Ft       , Gs^Ft       , Gs^Ft       , Gs^Ft       , Wwf         , Wwf         , Wwf         , Wo^Xo       , Wwf         , Gs^Ft       , Wwf         , Gs^Ft       , Ww          , Ds          , Re          , Gs^Ft       , Gs^Ft       , Gs^Ft       , Gs^Ft       , Wwr         , Wwr         , Ds          , Ds          , Gs^Ft       , Ss          , Gs^Ft       , Gs^Ft       , Ds          , Gs^Ft       , Gs^Ft       , Ww^Bw\      , Wo          , Wo          , Wo^Xo       , Wo^Xo       , Wo          , Wo          , Wo          , Wo          , Wo          , Wo          , Wo          , Wo          , Wo          , Wo          
Wo          , Wo          , Wo^Xo       , Wo          , Wo          , Wo          , Wo          , Gs^Ft       , 2 Ds        , Wwr         , Wwr         , Ww          , Wo          , Wo^Xo       , Wo^Xo       , Wo^Xo       , Wo^Xo       , Gs^Ft       , Wwr         , Ds          , Re          , Gs^Ft       , Gs^Ft       , Gs^Ft       , Ss          , Re          , Wwr         , Gs^Ft       , Gs^Ft       , Gs^Ft       , Ss          , Gs^Ft       , Ds          , Ds          , Ww          , Ww          , Ww          , Ww          , Wo^Xo       , Wo^Xo       , Wo          , Wo          , Wo          , Wo          , Wo          , Wo          , Wo          , Wo          , Wo          , Wo          , Wo          , Wo          
Wo          , Wo          , Wo          , Wo^Xo       , Wo          , Wo          , Gs^Ft       , Ww          , Gs^Ft       , Ds          , Ds          , Wo          , Wo^Xo       , Wo^Xo       , Wo^Xo       , Wo^Xo       , Wo          , Wo^Xo       , Wo^Xo       , Wwr         , Re          , Re          , Re          , Re          , Ds          , Ds          , Wwr         , Ss          , Wwf         , Ss          , Wwf         , Wwf         , Wwf         , Ww          , Wo          , Wo          , Wo          , Wo          , Wo^Xo       , Wo          , Wo          , Wo          , Wo          , Wo          , Wo          , Wo          , Wo          , Wo          , Wo          , Wo          , Wo          , Wo          
Wo          , Wo          , Wo          , Wo^Xo       , Wo^Xo       , Wo          , Wo          , Wo          , Wo          , Gs^Ft       , Wo          , Wo          , Wo^Xo       , Wo^Xo       , Wo          , Wo          , Wo          , Wo          , Wo          , Ds          , Ds          , Ds          , Wwf         , Ds          , Wwf         , Wwf         , Wwr         , Wwf         , Wo          , Wwf         , Wo          , Wwf         , Wo          , Wo          , Wo          , Wo          , Wo^Xo       , Wo^Xo       , Wo          , Wo          , Wo          , Wo          , Wo          , Wo          , Wo          , Wo          , Wo          , Wo          , Wo          , Wo          , Wo          , Wo          
Wo          , Wo          , Wo          , Wo          , Wo^Xo       , Wo^Xo       , Wo^Xo       , Wo^Xo       , Wo^Xo       , Wo^Xo       , Wo^Xo       , Wo^Xo       , Wo          , Wo          , Wo          , Wo          , Wo          , Wo          , Wo          , Wo          , Wo          , Wo          , Wo          , Wwf         , Wo          , Wo          , Wo          , Wo          , Wo          , Wo          , Wo          , Wo          , Wo          , Wo          , Wo          , Wo          , Wo          , Wo          , Wo          , Wo          , Wo          , Wo          , Wo          , Wo          , Wo          , Wo          , Wo          , Wo          , Wo          , Wo          , Wo          , Wo          
